#
# Copyright (c) 2020-present SMC Treviso s.r.l. All rights reserved.
#
# This program is free software: you can redistribute it and/or modify
# it under the terms of the GNU Affero General Public License as published by
# the Free Software Foundation, either version 3 of the License, or
# (at your option) any later version.
#
# This program is distributed in the hope that it will be useful,
# but WITHOUT ANY WARRANTY; without even the implied warranty of
# MERCHANTABILITY or FITNESS FOR A PARTICULAR PURPOSE.  See the
# GNU Affero General Public License for more details.
#
# You should have received a copy of the GNU Affero General Public License
# along with this program.  If not, see <http://www.gnu.org/licenses/>.
#

apiVersion: helm.cattle.io/v1
kind: HelmChart
metadata:
  name: openk9-foo-parser
  namespace: helm-controller
spec:
  repo: https://registry.acme.com/repository/helm/
  chart: openk9-foo-parser
  version: 1.0.0
  targetNamespace: default
  authSecret:
    name: bar-repo-auth
  set: {
    "KEY1": "val1",
    "KEY2": 2,
    "KEY3": "VAL3"
  }